🚀 Запуск комплексного E2E тестирования TelegramBot

✅ Подключение к MySQL успешно
✅ MessageStorage инициализирован
✅ ConversationManager инициализирован
✅ TelegramAPI инициализирован
✅ Бот подключен: @PipelacTest_bot (PipelacTest)
✅ Handlers инициализированы
✅ PollingHandler инициализирован

═══════════════════════════════════════════════════════════════
ЭТАП 1: НАЧАЛЬНОЕ ТЕСТИРОВАНИЕ
═══════════════════════════════════════════════════════════════

▶ Тест 1.1: Отправка текстовых сообщений...
  ✅ Простое сообщение отправлено (ID: 181)
  ✅ Сообщение с HTML отправлено (ID: 182)
  ✅ Сообщение с Markdown отправлено (ID: 183)
▶ Тест 1.2: InlineKeyboardBuilder...
  ✅ Простая inline клавиатура отправлена
  ✅ Сложная inline клавиатура отправлена
▶ Тест 1.3: ReplyKeyboardBuilder...
  ✅ Reply клавиатура отправлена
▶ Тест 1.4: Utils (Validator, Parser)...
  ❌ Validator: валидный токен отклонён
  ✅ Validator: невалидный токен отклонён
PHP Warning:  Undefined array key "bot_username" in /home/engine/project/telegram_bot_e2e_test.php on line 372
  ❌ Parser: ошибка распознавания команды
PHP Fatal error:  Uncaught Error: Call to undefined method App\Component\TelegramBot\Utils\Parser::extractEntities() in /home/engine/project/telegram_bot_e2e_test.php:378
Stack trace:
#0 {main}
  thrown in /home/engine/project/telegram_bot_e2e_test.php on line 378
